// Vitest Snapshot v1, https://vitest.dev/guide/snapshot.html

exports[`umbracoFormToZod > should convert form definition to zod schema 1`] = `
ZodObject {
  "_cached": null,
  "_def": {
    "catchall": ZodNever {
      "_def": {
        "typeName": "ZodNever",
      },
      "and": [Function],
      "array": [Function],
      "brand": [Function],
      "catch": [Function],
      "default": [Function],
      "describe": [Function],
      "isNullable": [Function],
      "isOptional": [Function],
      "nullable": [Function],
      "nullish": [Function],
      "optional": [Function],
      "or": [Function],
      "parse": [Function],
      "parseAsync": [Function],
      "pipe": [Function],
      "promise": [Function],
      "readonly": [Function],
      "refine": [Function],
      "refinement": [Function],
      "safeParse": [Function],
      "safeParseAsync": [Function],
      "spa": [Function],
      "superRefine": [Function],
      "transform": [Function],
    },
    "shape": [Function],
    "typeName": "ZodObject",
    "unknownKeys": "strip",
  },
  "and": [Function],
  "array": [Function],
  "augment": [Function],
  "brand": [Function],
  "catch": [Function],
  "default": [Function],
  "describe": [Function],
  "isNullable": [Function],
  "isOptional": [Function],
  "nonstrict": [Function],
  "nullable": [Function],
  "nullish": [Function],
  "optional": [Function],
  "or": [Function],
  "parse": [Function],
  "parseAsync": [Function],
  "pipe": [Function],
  "promise": [Function],
  "readonly": [Function],
  "refine": [Function],
  "refinement": [Function],
  "safeParse": [Function],
  "safeParseAsync": [Function],
  "spa": [Function],
  "superRefine": [Function],
  "transform": [Function],
}
`;
